// Jest Snapshot v1, https://goo.gl/fbAQLP

exports[`getGraphOrder gets graph order 1`] = `
Array [
  Array [
    1,
    0,
  ],
  Array [
    2,
    1,
  ],
  Array [
    3,
    1,
  ],
  Array [
    4,
    2,
  ],
  Array [
    5,
    3,
  ],
]
`;
